        cpu := "65C816"

        org := $8000

_start:
        clc ; 8000
        xce ; 8001
        longa=on
        longi=on
        rep #$30 ; 8002
        lda #$01ff ; 8004
        tcs ; 8007
        rtl ; 8008

        tsc ; 8009
        sec ; 800a
        sbc #$0006 ; 800b
        tcs ; 800e
        lda $04 ;800f
        pha ; 8011
        lda $02 ;8012
        pha ; 8014
        lda $00 ;8015
        pha ; 8017
        lda $03,S ;8018
        sta $00 ;801a
        lda $00 ;801c
        bpl $00
 ; 801e        eor #$ffff ; 8020
        clc ; 8023
        adc #$0001 ; 8024
        sta $00 ;8027
        lda $01,S ;8029
        sta $02 ;802b
        lda #$0000 ; 802d
        ldx $02 ;8030
        beq $00
 ; 8032        lsr $02 ;8034
        bcc $00
 ; 8036        clc ; 8038
        adc $00 ;8039
        asl $00 ;803b
        bra $0d
 ; 803d        sta $02 ;803f
        lda $01 ;8041
        sta $01,S ;8043
        lda $01,S ;8045
        sta $00 ;8047
        lda $00 ;8049
        clc ; 804b
        adc #$0064 ; 804c
        sta $00 ;804f
        lda $00 ;8051
        sta $4000 ; 8053
        lda $01,S ;8056
        sta $00 ;8058
        tsc ; 805a
        clc ; 805b
        adc #$000c ; 805c
        tcs ; 805f
        rts ; 8060

        tsc ; 8061
        sec ; 8062
        sbc #$0002 ; 8063
        tcs ; 8066
        tsc ; 8067
        clc ; 8068
        adc #$0002 ; 8069
        tcs ; 806c
        rts ; 806d

Main:
        lda #$0000 ; 806e
        sta $00 ;8071
        lda $00 ;8073
        sta $4006 ; 8075
        lda #$0001 ; 8078
        sta $00 ;807b
        lda $00 ;807d
        sta $4000 ; 807f
        lda #$007f ; 8082
        sta $00 ;8085
        lda $00 ;8087
        sta $4002 ; 8089
        lda #$0055 ; 808c
        longa=ff
        longi=ff
        sep #$30 ; 808f
        sta $9000 ; 8091
        longa=on
        longi=on
        rep #$30 ; 8094
        lda #$00ff ; 8096
        longa=ff
        longi=ff
        sep #$30 ; 8099
        sta $9002 ; 809b
        longa=on
        longi=on
        rep #$30 ; 809e
        rtl ; 80a0



